$ bash /efs/share/1919650160032350208/users/machong14/wam/event_analyze/versions/v3_4_7/run.sh /efs/share/1919650160032350208/efs_backup/nas-backup/compressed_data/astribot/dishwasher_2_fx_20260529_compressed/dishwasher_2_fx_20260529_episode_26.hdf5 /efs/share/1919650160032350208/users/machong14/wam/event_analyze/output/dishwasher_2_fx_20260529_episode_26_analysis put the dish into the dishwasher   /efs/share/1919650160032350208/users/machong14/wam/event_analyze/ontologies/dishwasher_loading.json
V3.4.7 task schema: /efs/share/1919650160032350208/users/machong14/wam/event_analyze/ontologies/dishwasher_loading.json
{
  "source_hdf5": "dishwasher_2_fx_20260529_episode_26.hdf5",
  "num_raw_frames": 1789,
  "duration_sec": 59.427,
  "fps_nominal": 30.0,
  "feature_names": [
    "base_speed",
    "base_yaw_rate",
    "torso_joint_speed",
    "left_ee_speed",
    "right_ee_speed",
    "left_ee_ang_speed",
    "right_ee_ang_speed",
    "left_gripper_cmd",
    "right_gripper_cmd",
    "left_force",
    "right_force",
    "left_torque",
    "right_torque",
    "left_pos_track_err",
    "right_pos_track_err",
    "left_rot_track_err",
    "right_rot_track_err",
    "left_force_change",
    "right_force_change"
  ],
  "change_windows_frames": [
    9,
    30,
    60
  ],
  "candidate_events": [
    {
      "event_id": 0,
      "raw_frame": 62,
      "time_sec": 2.052,
      "score": 0.4333,
      "signals": [
        "base_yaw_rate",
        "left_force",
        "left_force_change",
        "base_speed"
      ],
      "right_gripper_command": 0.0,
      "left_gripper_command": 0.0,
      "gripper_cluster": null
    },
    {
      "event_id": 1,
      "raw_frame": 140,
      "time_sec": 4.646,
      "score": 1.5085,
      "signals": [
        "base_yaw_rate",
        "base_speed",
        "left_force",
        "left_torque"
      ],
      "right_gripper_command": 100.0,
      "left_gripper_command": 0.0,
      "gripper_cluster": null
    },
    {
      "event_id": 2,
      "raw_frame": 198,
      "time_sec": 6.576,
      "score": 1.2084,
      "signals": [
        "right_rot_track_err",
        "right_pos_track_err",
        "base_yaw_rate",
        "right_ee_ang_speed"
      ],
      "right_gripper_command": 100.0,
      "left_gripper_command": 0.0,
      "gripper_cluster": null
    },
    {
      "event_id": 3,
      "raw_frame": 224,
      "time_sec": 7.439,
      "score": 0.7893,
      "signals": [
        "right_rot_track_err",
        "base_yaw_rate",
        "right_force_change",
        "torso_joint_speed"
      ],
      "right_gripper_command": 100.0,
      "left_gripper_command": 0.0,
      "gripper_cluster": null
    },
    {
      "event_id": 4,
      "raw_frame": 307,
      "time_sec": 10.197,
      "score": 0.9018,
      "signals": [
        "gripper_retry_cluster",
        "right_force_change",
        "right_torque",
        "right_force",
        "left_pos_track_err"
      ],
      "right_gripper_command": 37.49466574603078,
      "left_gripper_command": 0.0,
      "gripper_cluster": {
        "size": 2,
        "start_frame": 307,
        "end_frame": 310,
        "context_score": 0.8142
      }
    },
    {
      "event_id": 5,
      "raw_frame": 327,
      "time_sec": 10.864,
      "score": 1.8508,
      "signals": [
        "right_force_change",
        "right_torque",
        "right_force",
        "right_rot_track_err"
      ],
      "right_gripper_command": 100.0,
      "left_gripper_command": 0.0,
      "gripper_cluster": null
    },
    {
      "event_id": 6,
      "raw_frame": 349,
      "time_sec": 11.593,
      "score": 1.922,
      "signals": [
        "right_torque",
        "right_force_change",
        "right_force",
        "right_rot_track_err"
      ],
      "right_gripper_command": 100.0,
      "left_gripper_command": 0.0,
      "gripper_cluster": null
    },
    {
      "event_id": 7,
      "raw_frame": 417,
      "time_sec": 13.855,
      "score": 1.1481,
      "signals": [
        "right_torque",
        "right_force",
        "right_ee_ang_speed",
        "right_ee_speed"
      ],
      "right_gripper_command": 0.0,
      "left_gripper_command": 0.0,
      "gripper_cluster": null
    },
    {
      "event_id": 8,
      "raw_frame": 470,
      "time_sec": 15.62,
      "score": 2.0036,
      "signals": [
        "right_rot_track_err",
        "right_force_change",
        "right_force",
        "right_pos_track_err"
      ],
      "right_gripper_command": 95.45979588983899,
      "left_gripper_command": 0.0,
      "gripper_cluster": null
    },
    {
      "event_id": 9,
      "raw_frame": 630,
      "time_sec": 20.94,
      "score": 0.1808,
      "signals": [
        "left_torque",
        "left_force",
        "right_ee_speed",
        "right_ee_ang_speed"
      ],
      "right_gripper_command": 100.0,
      "left_gripper_command": 0.0,
      "gripper_cluster": null
    },
    {
      "event_id": 10,
      "raw_frame": 784,
      "time_sec": 26.055,
      "score": 0.1002,
      "signals": [
        "right_gripper_cmd",
        "left_rot_track_err",
        "right_ee_ang_speed",
        "right_ee_speed"
      ],
      "right_gripper_command": 49.92215464284417,
      "left_gripper_command": 0.0,
      "gripper_cluster": null
    },
    {
      "event_id": 11,
      "raw_frame": 850,
      "time_sec": 28.246,
      "score": 0.08,
      "signals": [
        "left_rot_track_err",
        "right_force_change",
        "left_force_change",
        "left_force"
      ],
      "right_gripper_command": 100.0,
      "left_gripper_command": 0.0,
      "gripper_cluster": null
    },
    {
      "event_id": 12,
      "raw_frame": 943,
      "time_sec": 31.337,
      "score": -0.0224,
      "signals": [
        "right_force_change",
        "left_force",
        "right_gripper_cmd",
        "left_rot_track_err"
      ],
      "right_gripper_command": 100.0,
      "left_gripper_command": 0.0,
      "gripper_cluster": null
    },
    {
      "event_id": 13,
      "raw_frame": 1074,
      "time_sec": 35.691,
      "score": 0.5019,
      "signals": [
        "right_force",
        "right_force_change",
        "right_torque",
        "left_pos_track_err"
      ],
      "right_gripper_command": 100.0,
      "left_gripper_command": 0.0,
      "gripper_cluster": null
    },
    {
      "event_id": 14,
      "raw_frame": 1105,
      "time_sec": 36.722,
      "score": 1.5322,
      "signals": [
        "right_force",
        "right_torque",
        "base_yaw_rate",
        "torso_joint_speed"
      ],
      "right_gripper_command": 100.0,
      "left_gripper_command": 0.0,
      "gripper_cluster": null
    },
    {
      "event_id": 15,
      "raw_frame": 1181,
      "time_sec": 39.248,
      "score": 1.3509,
      "signals": [
        "gripper_transition_supported",
        "right_force_change",
        "right_gripper_cmd",
        "left_rot_track_err",
        "left_force_change"
      ],
      "right_gripper_command": 50.382946972012796,
      "left_gripper_command": 0.0,
      "gripper_cluster": {
        "size": 1,
        "start_frame": 1181,
        "end_frame": 1181,
        "context_score": 2.3559
      }
    },
    {
      "event_id": 16,
      "raw_frame": 1202,
      "time_sec": 39.962,
      "score": 1.1094,
      "signals": [
        "right_force_change",
        "right_force",
        "right_torque",
        "right_ee_speed"
      ],
      "right_gripper_command": 100.0,
      "left_gripper_command": 0.0,
      "gripper_cluster": null
    },
    {
      "event_id": 17,
      "raw_frame": 1344,
      "time_sec": 44.668,
      "score": 0.8447,
      "signals": [
        "right_rot_track_err",
        "right_torque",
        "right_gripper_cmd",
        "base_yaw_rate"
      ],
      "right_gripper_command": 21.785416729749475,
      "left_gripper_command": 0.0,
      "gripper_cluster": null
    },
    {
      "event_id": 18,
      "raw_frame": 1455,
      "time_sec": 48.357,
      "score": 1.5779,
      "signals": [
        "right_torque",
        "left_pos_track_err",
        "torso_joint_speed",
        "right_force"
      ],
      "right_gripper_command": 100.0,
      "left_gripper_command": 0.0,
      "gripper_cluster": null
    },
    {
      "event_id": 19,
      "raw_frame": 1485,
      "time_sec": 49.355,
      "score": 1.5933,
      "signals": [
        "base_speed",
        "base_yaw_rate",
        "left_pos_track_err",
        "torso_joint_speed"
      ],
      "right_gripper_command": 0.0,
      "left_gripper_command": 0.0,
      "gripper_cluster": null
    },
    {
      "event_id": 20,
      "raw_frame": 1567,
      "time_sec": 52.078,
      "score": 1.8451,
      "signals": [
        "base_speed",
        "base_yaw_rate",
        "torso_joint_speed",
        "left_pos_track_err"
      ],
      "right_gripper_command": 100.0,
      "left_gripper_command": 0.0,
      "gripper_cluster": null
    },
    {
      "event_id": 21,
      "raw_frame": 1623,
      "time_sec": 53.942,
      "score": 1.442,
      "signals": [
        "right_torque",
        "right_force",
        "left_pos_track_err",
        "right_rot_track_err"
      ],
      "right_gripper_command": 100.0,
      "left_gripper_command": 0.0,
      "gripper_cluster": null
    },
    {
      "event_id": 22,
      "raw_frame": 1666,
      "time_sec": 55.372,
      "score": 1.9109,
      "signals": [
        "base_speed",
        "base_yaw_rate",
        "left_pos_track_err",
        "torso_joint_speed"
      ],
      "right_gripper_command": 100.0,
      "left_gripper_command": 0.0,
      "gripper_cluster": null
    },
    {
      "event_id": 23,
      "raw_frame": 1706,
      "time_sec": 56.699,
      "score": 1.4429,
      "signals": [
        "base_yaw_rate",
        "base_speed",
        "right_force_change",
        "right_force"
      ],
      "right_gripper_command": 100.0,
      "left_gripper_command": 0.0,
      "gripper_cluster": null
    },
    {
      "event_id": 24,
      "raw_frame": 1741,
      "time_sec": 57.866,
      "score": 0.4565,
      "signals": [
        "base_speed",
        "base_yaw_rate",
        "right_ee_speed",
        "right_gripper_cmd"
      ],
      "right_gripper_command": 0.0,
      "left_gripper_command": 0.0,
      "gripper_cluster": null
    }
  ],
  "proposal_version": "v3.3.3",
  "note": "Gripper edges are weak cues; rapid retry/re-grasp transitions are clustered and require non-gripper context. Semantic verification is still performed downstream."
}
[00] door closed->closed dish_rack in->in cutlery uncertain->uncertain
[01] door closed->open dish_rack in->moving_out cutlery in->uncertain
[02] door opening->open dish_rack moving_out->out cutlery in->in
[03] door opening->open dish_rack moving_out->out cutlery uncertain->uncertain
[04] door open->open dish_rack out->moving_in cutlery in->in
[05] door open->open dish_rack out->moving_in cutlery in->in
[06] door open->open dish_rack moving_out->out cutlery uncertain->uncertain
[07] door open->open dish_rack out->moving_in cutlery uncertain->uncertain
[08] door open->open dish_rack out->moving_in cutlery not_visible->not_visible
[09] door open->open dish_rack out->out cutlery uncertain->uncertain
[10] door open->open dish_rack out->out cutlery in->in
[11] door open->open dish_rack out->out cutlery not_visible->not_visible
[12] door open->open dish_rack out->out cutlery not_visible->not_visible
[13] door open->open dish_rack out->moving_in cutlery not_visible->not_visible
[14] door open->open dish_rack out->out cutlery uncertain->uncertain
[15] door open->open dish_rack out->out cutlery uncertain->uncertain
[16] door open->open dish_rack out->out cutlery uncertain->uncertain
[17] door open->open dish_rack out->out cutlery uncertain->uncertain
[18] door open->closing dish_rack out->moving_in cutlery not_visible->not_visible
[19] door open->open dish_rack out->out cutlery uncertain->uncertain
[20] door open->open dish_rack in->in cutlery in->in
[21] door open->closing dish_rack in->in cutlery in->in
[22] door open->closing dish_rack out->uncertain cutlery uncertain->uncertain
[23] door opening->open dish_rack moving_out->out cutlery not_visible->uncertain
[24] door open->open dish_rack moving_out->out cutlery uncertain->uncertain
saved /efs/share/1919650160032350208/users/machong14/wam/event_analyze/output/dishwasher_2_fx_20260529_episode_26_analysis/versions/v3_4_7/entity_observations.jsonl
=== V3.4.7 reasoning pass 1 ===
door: closed -> opening -> open -> closing -> open -> opening -> closing -> open
dish_rack: in -> moving_out -> out -> moving_out -> moving_in -> out -> moving_in -> out -> moving_in -> out -> moving_in -> in -> out -> in -> moving_out -> in -> moving_out -> out
cutlery_basket: in
knife_location: tabletop -> other -> left_hand -> cutlery_basket
fork_location: tabletop -> other -> right_hand -> cutlery_basket
plate_location: tabletop -> dish_rack -> tabletop -> dish_rack -> right_hand -> other -> tabletop -> other -> tabletop -> other -> right_hand -> tabletop -> right_hand -> dish_rack
saved /efs/share/1919650160032350208/users/machong14/wam/event_analyze/output/dishwasher_2_fx_20260529_episode_26_analysis/versions/v3_4_7/tracked_entity_states.json
portable-object ownership:
  knife        left_hand  [707,772] -> [707,738] target=772 status=inferred_unique
  fork         right_hand [707,896] -> [739,896] target=896 status=direct
saved /efs/share/1919650160032350208/users/machong14/wam/event_analyze/output/dishwasher_2_fx_20260529_episode_26_analysis/versions/v3_4_7/tracked_entity_states_owned.json
saved /efs/share/1919650160032350208/users/machong14/wam/event_analyze/output/dishwasher_2_fx_20260529_episode_26_analysis/versions/v3_4_7/hand_object_ownership.json
skill sequence:
  00 navigate_to_station [32,149] conf=0.95 mode=hdf5_base_motion
  01 open_dishwasher_door [166,182] conf=0.95 mode=tracked_endpoint_transition
  02 pull_out_dish_rack [166,214] conf=0.85 mode=tracked_endpoint_transition
  03 place_knife_in_cutlery_basket [707,739] conf=0.406 mode=completion_aware_object_episode_with_affordance_completion
  04 place_fork_in_cutlery_basket [739,896] conf=0.406 mode=completion_aware_object_episode_with_affordance_completion
  05 place_plate_in_dish_rack [896,1400] conf=0.95 mode=completion_aware_object_episode
  06 push_in_dish_rack [1470,1511] conf=0.95 mode=tracked_endpoint_transition
  07 pull_out_dish_rack [1526,1526] conf=0.95 mode=tracked_endpoint_transition
  08 push_in_dish_rack [1554,1554] conf=0.95 mode=tracked_endpoint_transition
  09 pull_out_dish_rack [1682,1731] conf=0.9 mode=tracked_endpoint_transition
saved /efs/share/1919650160032350208/users/machong14/wam/event_analyze/output/dishwasher_2_fx_20260529_episode_26_analysis/versions/v3_4_7/skill_candidates.json
validated skills: 10 -> 4
  00 navigate_to_station [32,149] conf=0.95
  01 open_dishwasher_door [166,182] conf=0.95
  02 place_utensil_in_cutlery_basket [739,896] conf=0.406
  03 place_plate_in_dish_rack [896,1400] conf=0.95
captured conservative anchors: 4
ambiguity requests: 6 (from 6 candidates)
  Q00 value=512.0 accessibility_prerequisite_missing ['door'] [128,220]
  Q01 value=495.0 unfinished_lifecycle ['door'] [183,317]
  Q02 value=498.0 receptacle_usage_without_ready_lifecycle ['cutlery_basket'] [535,669]
  Q03 value=296.0 rejected_visual_evidence ['knife'] [669,777]
  Q04 value=498.0 receptacle_usage_without_ready_lifecycle ['dish_rack'] [724,858]
  Q05 value=289.8 rejected_visual_evidence ['dish_rack'] [1644,1769]
saved /efs/share/1919650160032350208/users/machong14/wam/event_analyze/output/dishwasher_2_fx_20260529_episode_26_analysis/versions/v3_4_7/ambiguity_requests.json
targeted reuse: no source targeted observations
[targeted 00] accessibility_prerequisite_missing ['door'] states={'door': ['opening', 'open']} merge=True
[targeted 01] unfinished_lifecycle ['door'] states={'door': ['opening', 'open']} merge=True
[targeted 02] receptacle_usage_without_ready_lifecycle ['cutlery_basket'] states={'cutlery_basket': ['out', 'out']} merge=True
[targeted 03] rejected_visual_evidence ['knife'] states={'knife': ['right_hand', 'tabletop']} merge=True
[targeted 04] receptacle_usage_without_ready_lifecycle ['dish_rack'] states={'dish_rack': ['not_visible', 'not_visible']} merge=False
[targeted 05] rejected_visual_evidence ['dish_rack'] states={'dish_rack': ['moving_in', 'in']} merge=True
targeted observations: 6, merged: 5
saved /efs/share/1919650160032350208/users/machong14/wam/event_analyze/output/dishwasher_2_fx_20260529_episode_26_analysis/versions/v3_4_7/targeted_observations.jsonl
=== V3.4.7 reasoning pass 2 ===
door: closed -> opening -> open -> closing -> open -> opening -> closing -> open
dish_rack: in -> moving_out -> out -> moving_out -> moving_in -> out -> moving_in -> out -> moving_in -> out -> moving_in -> in -> out -> in -> out -> moving_in -> moving_out -> in -> moving_out -> out -> in -> out
cutlery_basket: in -> out -> in
knife_location: tabletop -> right_hand -> other -> tabletop -> left_hand -> cutlery_basket
fork_location: tabletop -> other -> right_hand -> cutlery_basket
plate_location: tabletop -> dish_rack -> tabletop -> dish_rack -> right_hand -> other -> tabletop -> other -> tabletop -> other -> right_hand -> tabletop -> right_hand -> dish_rack
saved /efs/share/1919650160032350208/users/machong14/wam/event_analyze/output/dishwasher_2_fx_20260529_episode_26_analysis/versions/v3_4_7/tracked_entity_states.json
portable-object ownership:
  knife        left_hand  [862,943] -> [862,897] target=943 status=ambiguous
  plate        right_hand [896,1090] -> [898,1090] target=1400 status=direct
saved /efs/share/1919650160032350208/users/machong14/wam/event_analyze/output/dishwasher_2_fx_20260529_episode_26_analysis/versions/v3_4_7/tracked_entity_states_owned.json
saved /efs/share/1919650160032350208/users/machong14/wam/event_analyze/output/dishwasher_2_fx_20260529_episode_26_analysis/versions/v3_4_7/hand_object_ownership.json
skill sequence:
  00 navigate_to_station [32,117] conf=0.95 mode=hdf5_base_motion
  01 open_dishwasher_door [118,184] conf=0.95 mode=tracked_endpoint_transition
  02 pull_out_dish_rack [166,214] conf=0.85 mode=tracked_endpoint_transition
  03 pull_out_cutlery_basket [488,488] conf=0.9 mode=tracked_endpoint_transition
  04 push_in_cutlery_basket [707,707] conf=0.9 mode=tracked_endpoint_transition
  05 place_fork_in_cutlery_basket [707,896] conf=0.406 mode=completion_aware_object_episode_with_affordance_completion
  06 place_knife_in_cutlery_basket [862,898] conf=0.406 mode=completion_aware_object_episode_with_affordance_completion
  07 place_plate_in_dish_rack [898,1400] conf=0.95 mode=completion_aware_object_episode
  08 push_in_dish_rack [1470,1511] conf=0.95 mode=tracked_endpoint_transition
  09 pull_out_dish_rack [1526,1526] conf=0.95 mode=tracked_endpoint_transition
  10 push_in_dish_rack [1554,1554] conf=0.95 mode=tracked_endpoint_transition
  11 pull_out_dish_rack [1616,1616] conf=0.72 mode=tracked_endpoint_transition
  12 push_in_dish_rack [1632,1664] conf=0.72 mode=tracked_endpoint_transition
  13 pull_out_dish_rack [1682,1731] conf=0.9 mode=tracked_endpoint_transition
  14 push_in_dish_rack [1760,1760] conf=0.9 mode=tracked_endpoint_transition
  15 pull_out_dish_rack [1778,1778] conf=0.72 mode=tracked_endpoint_transition
saved /efs/share/1919650160032350208/users/machong14/wam/event_analyze/output/dishwasher_2_fx_20260529_episode_26_analysis/versions/v3_4_7/skill_candidates.json
validated skills: 16 -> 5
  00 navigate_to_station [32,117] conf=0.95
  01 open_dishwasher_door [118,184] conf=0.95
  02 pull_out_dish_rack [140,185] conf=0.85
  03 place_utensil_in_cutlery_basket [707,896] conf=0.406
  04 place_plate_in_dish_rack [898,1400] conf=0.95
conservative assimilation: pass1=4 raw_pass2=5 final=5 restored=0 contradicted=0 additions=1
saved /efs/share/1919650160032350208/users/machong14/wam/event_analyze/output/dishwasher_2_fx_20260529_episode_26_analysis/versions/v3_4_7/hierarchical_annotations.json
final consistency: kept=5 dropped=0 frontier_resolved=False task_end=1788 final_state_violations=3
saved /efs/share/1919650160032350208/users/machong14/wam/event_analyze/output/dishwasher_2_fx_20260529_episode_26_analysis/versions/v3_4_7/diagnostics/reasoning_trace.json
exported compact result: /efs/share/1919650160032350208/users/machong14/wam/event_analyze/results/dishwasher_2_fx_20260529_episode_26/v3_4_7
files: hierarchical_annotations.json, manifest.json, summary.json
runtime compacted
  moved to cache: entity_observations_base.jsonl, entity_observations.jsonl, targeted_observations.jsonl, boundaries.png, proposal/, targeted_temporal_strips/, vlm_raw_targeted/
  removed intermediates: tracked_entity_states.json, tracked_entity_states_owned.json, hand_object_ownership.json, skill_candidates.json, skill_candidates_validated.json, interaction_validation_report.json, ambiguity_requests.json, diagnostics/pass1_anchors.json, diagnostics/pass2_before_reconcile.json
V3.4.7 complete: /efs/share/1919650160032350208/users/machong14/wam/event_analyze/output/dishwasher_2_fx_20260529_episode_26_analysis/versions/v3_4_7
Final annotation: /efs/share/1919650160032350208/users/machong14/wam/event_analyze/output/dishwasher_2_fx_20260529_episode_26_analysis/versions/v3_4_7/hierarchical_annotations.json
Diagnostics: /efs/share/1919650160032350208/users/machong14/wam/event_analyze/output/dishwasher_2_fx_20260529_episode_26_analysis/versions/v3_4_7/diagnostics/
Reusable cache: /efs/share/1919650160032350208/users/machong14/wam/event_analyze/output/dishwasher_2_fx_20260529_episode_26_analysis/versions/v3_4_7/cache/
Compact result exported under: /efs/share/1919650160032350208/users/machong14/wam/event_analyze/results/
