$ bash /efs/share/1919650160032350208/users/machong14/wam/event_analyze/versions/v3_4_7/run.sh /efs/share/1919650160032350208/efs_backup/nas-backup/compressed_data/astribot/dishwasher_2_fx_20260529_compressed/dishwasher_2_fx_20260529_episode_27.hdf5 /efs/share/1919650160032350208/users/machong14/wam/event_analyze/output/dishwasher_2_fx_20260529_episode_27_analysis put the dish into the dishwasher 11 1645 /efs/share/1919650160032350208/users/machong14/wam/event_analyze/ontologies/dishwasher_loading.json
V3.4.7 task schema: /efs/share/1919650160032350208/users/machong14/wam/event_analyze/ontologies/dishwasher_loading.json
{
  "source_hdf5": "dishwasher_2_fx_20260529_episode_27.hdf5",
  "num_raw_frames": 1647,
  "duration_sec": 54.716,
  "fps_nominal": 30.0,
  "feature_names": [
    "base_speed",
    "base_yaw_rate",
    "torso_joint_speed",
    "left_ee_speed",
    "right_ee_speed",
    "left_ee_ang_speed",
    "right_ee_ang_speed",
    "left_gripper_cmd",
    "right_gripper_cmd",
    "left_force",
    "right_force",
    "left_torque",
    "right_torque",
    "left_pos_track_err",
    "right_pos_track_err",
    "left_rot_track_err",
    "right_rot_track_err",
    "left_force_change",
    "right_force_change"
  ],
  "change_windows_frames": [
    9,
    30,
    60
  ],
  "candidate_events": [
    {
      "event_id": 0,
      "raw_frame": 71,
      "time_sec": 2.359,
      "score": 0.7385,
      "signals": [
        "base_yaw_rate",
        "left_force_change",
        "left_torque",
        "left_force"
      ],
      "right_gripper_command": 0.0,
      "left_gripper_command": 0.0,
      "gripper_cluster": null,
      "lerobot_episode_index": 11,
      "lerobot_frame_index": 71
    },
    {
      "event_id": 1,
      "raw_frame": 139,
      "time_sec": 4.62,
      "score": 1.848,
      "signals": [
        "base_speed",
        "base_yaw_rate",
        "left_force",
        "left_torque"
      ],
      "right_gripper_command": 0.0,
      "left_gripper_command": 0.0,
      "gripper_cluster": null,
      "lerobot_episode_index": 11,
      "lerobot_frame_index": 139
    },
    {
      "event_id": 2,
      "raw_frame": 202,
      "time_sec": 6.712,
      "score": 1.1971,
      "signals": [
        "right_rot_track_err",
        "right_pos_track_err",
        "right_ee_ang_speed",
        "right_ee_speed"
      ],
      "right_gripper_command": 100.0,
      "left_gripper_command": 0.0,
      "gripper_cluster": null,
      "lerobot_episode_index": 11,
      "lerobot_frame_index": 202
    },
    {
      "event_id": 3,
      "raw_frame": 225,
      "time_sec": 7.48,
      "score": 0.8968,
      "signals": [
        "right_rot_track_err",
        "torso_joint_speed",
        "base_yaw_rate",
        "left_pos_track_err"
      ],
      "right_gripper_command": 100.0,
      "left_gripper_command": 0.0,
      "gripper_cluster": null,
      "lerobot_episode_index": 11,
      "lerobot_frame_index": 225
    },
    {
      "event_id": 4,
      "raw_frame": 244,
      "time_sec": 8.112,
      "score": 1.1816,
      "signals": [
        "left_pos_track_err",
        "right_pos_track_err",
        "right_ee_ang_speed",
        "right_force"
      ],
      "right_gripper_command": 100.0,
      "left_gripper_command": 0.0,
      "gripper_cluster": null,
      "lerobot_episode_index": 11,
      "lerobot_frame_index": 244
    },
    {
      "event_id": 5,
      "raw_frame": 261,
      "time_sec": 8.678,
      "score": 0.9163,
      "signals": [
        "gripper_transition_supported",
        "torso_joint_speed",
        "right_force_change",
        "left_pos_track_err",
        "right_pos_track_err"
      ],
      "right_gripper_command": 19.217301814806646,
      "left_gripper_command": 0.0,
      "gripper_cluster": {
        "size": 1,
        "start_frame": 261,
        "end_frame": 261,
        "context_score": 0.8051
      },
      "lerobot_episode_index": 11,
      "lerobot_frame_index": 261
    },
    {
      "event_id": 6,
      "raw_frame": 320,
      "time_sec": 10.636,
      "score": 2.3251,
      "signals": [
        "right_force_change",
        "right_force",
        "left_pos_track_err",
        "right_torque"
      ],
      "right_gripper_command": 100.0,
      "left_gripper_command": 0.0,
      "gripper_cluster": null,
      "lerobot_episode_index": 11,
      "lerobot_frame_index": 320
    },
    {
      "event_id": 7,
      "raw_frame": 482,
      "time_sec": 16.021,
      "score": 1.5476,
      "signals": [
        "right_rot_track_err",
        "right_pos_track_err",
        "right_force_change",
        "right_torque"
      ],
      "right_gripper_command": 95.53040135601431,
      "left_gripper_command": 0.0,
      "gripper_cluster": null,
      "lerobot_episode_index": 11,
      "lerobot_frame_index": 482
    },
    {
      "event_id": 8,
      "raw_frame": 525,
      "time_sec": 17.451,
      "score": 2.0334,
      "signals": [
        "right_rot_track_err",
        "right_torque",
        "right_pos_track_err",
        "right_force"
      ],
      "right_gripper_command": 38.860491312605625,
      "left_gripper_command": 0.0,
      "gripper_cluster": null,
      "lerobot_episode_index": 11,
      "lerobot_frame_index": 525
    },
    {
      "event_id": 9,
      "raw_frame": 540,
      "time_sec": 17.948,
      "score": 0.7888,
      "signals": [
        "right_rot_track_err",
        "right_ee_ang_speed",
        "right_torque",
        "right_force"
      ],
      "right_gripper_command": 0.0,
      "left_gripper_command": 0.0,
      "gripper_cluster": null,
      "lerobot_episode_index": 11,
      "lerobot_frame_index": 540
    },
    {
      "event_id": 10,
      "raw_frame": 714,
      "time_sec": 23.735,
      "score": 1.0568,
      "signals": [
        "right_force_change",
        "base_yaw_rate",
        "left_force_change",
        "base_speed"
      ],
      "right_gripper_command": 100.0,
      "left_gripper_command": 0.0,
      "gripper_cluster": null,
      "lerobot_episode_index": 11,
      "lerobot_frame_index": 714
    },
    {
      "event_id": 11,
      "raw_frame": 809,
      "time_sec": 26.892,
      "score": 0.1606,
      "signals": [
        "left_torque",
        "left_force_change",
        "base_yaw_rate",
        "left_force"
      ],
      "right_gripper_command": 100.0,
      "left_gripper_command": 0.0,
      "gripper_cluster": null,
      "lerobot_episode_index": 11,
      "lerobot_frame_index": 809
    },
    {
      "event_id": 12,
      "raw_frame": 863,
      "time_sec": 28.69,
      "score": 0.5374,
      "signals": [
        "left_rot_track_err",
        "right_torque",
        "right_force_change",
        "left_force"
      ],
      "right_gripper_command": 100.0,
      "left_gripper_command": 0.0,
      "gripper_cluster": null,
      "lerobot_episode_index": 11,
      "lerobot_frame_index": 863
    },
    {
      "event_id": 13,
      "raw_frame": 999,
      "time_sec": 33.208,
      "score": 0.1179,
      "signals": [
        "right_force_change",
        "right_force",
        "base_yaw_rate",
        "left_pos_track_err"
      ],
      "right_gripper_command": 100.0,
      "left_gripper_command": 0.0,
      "gripper_cluster": null,
      "lerobot_episode_index": 11,
      "lerobot_frame_index": 999
    },
    {
      "event_id": 14,
      "raw_frame": 1044,
      "time_sec": 34.703,
      "score": 0.9219,
      "signals": [
        "right_force_change",
        "right_force",
        "torso_joint_speed",
        "left_pos_track_err"
      ],
      "right_gripper_command": 100.0,
      "left_gripper_command": 0.0,
      "gripper_cluster": null,
      "lerobot_episode_index": 11,
      "lerobot_frame_index": 1044
    },
    {
      "event_id": 15,
      "raw_frame": 1121,
      "time_sec": 37.266,
      "score": 0.5773,
      "signals": [
        "right_force_change",
        "left_rot_track_err",
        "left_ee_speed",
        "base_yaw_rate"
      ],
      "right_gripper_command": 100.0,
      "left_gripper_command": 0.0,
      "gripper_cluster": null,
      "lerobot_episode_index": 11,
      "lerobot_frame_index": 1121
    },
    {
      "event_id": 16,
      "raw_frame": 1181,
      "time_sec": 39.257,
      "score": 0.4438,
      "signals": [
        "right_ee_ang_speed",
        "right_rot_track_err",
        "left_torque",
        "left_force"
      ],
      "right_gripper_command": 100.0,
      "left_gripper_command": 0.0,
      "gripper_cluster": null,
      "lerobot_episode_index": 11,
      "lerobot_frame_index": 1181
    },
    {
      "event_id": 17,
      "raw_frame": 1220,
      "time_sec": 40.553,
      "score": 0.7422,
      "signals": [
        "right_rot_track_err",
        "left_force",
        "left_force_change",
        "left_torque"
      ],
      "right_gripper_command": 100.0,
      "left_gripper_command": 0.0,
      "gripper_cluster": null,
      "lerobot_episode_index": 11,
      "lerobot_frame_index": 1220
    },
    {
      "event_id": 18,
      "raw_frame": 1241,
      "time_sec": 41.253,
      "score": 1.365,
      "signals": [
        "right_ee_ang_speed",
        "right_rot_track_err",
        "right_pos_track_err",
        "right_force"
      ],
      "right_gripper_command": 41.740819530152336,
      "left_gripper_command": 0.0,
      "gripper_cluster": null,
      "lerobot_episode_index": 11,
      "lerobot_frame_index": 1241
    },
    {
      "event_id": 19,
      "raw_frame": 1304,
      "time_sec": 43.346,
      "score": 0.0302,
      "signals": [
        "right_torque",
        "left_ee_ang_speed",
        "left_torque",
        "left_rot_track_err"
      ],
      "right_gripper_command": 100.0,
      "left_gripper_command": 0.0,
      "gripper_cluster": null,
      "lerobot_episode_index": 11,
      "lerobot_frame_index": 1304
    },
    {
      "event_id": 20,
      "raw_frame": 1383,
      "time_sec": 45.972,
      "score": 2.0124,
      "signals": [
        "base_speed",
        "base_yaw_rate",
        "torso_joint_speed",
        "left_ee_ang_speed"
      ],
      "right_gripper_command": 0.0,
      "left_gripper_command": 0.0,
      "gripper_cluster": null,
      "lerobot_episode_index": 11,
      "lerobot_frame_index": 1383
    },
    {
      "event_id": 21,
      "raw_frame": 1455,
      "time_sec": 48.366,
      "score": 2.3317,
      "signals": [
        "torso_joint_speed",
        "left_pos_track_err",
        "base_speed",
        "right_pos_track_err"
      ],
      "right_gripper_command": 96.8289778013308,
      "left_gripper_command": 0.0,
      "gripper_cluster": null,
      "lerobot_episode_index": 11,
      "lerobot_frame_index": 1455
    },
    {
      "event_id": 22,
      "raw_frame": 1502,
      "time_sec": 49.927,
      "score": 0.8333,
      "signals": [
        "base_speed",
        "base_yaw_rate",
        "right_rot_track_err",
        "right_force_change"
      ],
      "right_gripper_command": 100.0,
      "left_gripper_command": 0.0,
      "gripper_cluster": null,
      "lerobot_episode_index": 11,
      "lerobot_frame_index": 1502
    },
    {
      "event_id": 23,
      "raw_frame": 1525,
      "time_sec": 50.692,
      "score": 2.0017,
      "signals": [
        "base_speed",
        "base_yaw_rate",
        "torso_joint_speed",
        "left_pos_track_err"
      ],
      "right_gripper_command": 100.0,
      "left_gripper_command": 0.0,
      "gripper_cluster": null,
      "lerobot_episode_index": 11,
      "lerobot_frame_index": 1525
    },
    {
      "event_id": 24,
      "raw_frame": 1565,
      "time_sec": 52.021,
      "score": 2.2239,
      "signals": [
        "base_yaw_rate",
        "base_speed",
        "right_force_change",
        "left_ee_ang_speed"
      ],
      "right_gripper_command": 100.0,
      "left_gripper_command": 0.0,
      "gripper_cluster": null,
      "lerobot_episode_index": 11,
      "lerobot_frame_index": 1565
    }
  ],
  "proposal_version": "v3.3.3",
  "note": "Gripper edges are weak cues; rapid retry/re-grasp transitions are clustered and require non-gripper context. Semantic verification is still performed downstream."
}
[00] door open->open dish_rack in->in cutlery in->in
[01] door open->open dish_rack not_visible->not_visible cutlery not_visible->not_visible
[02] door opening->open dish_rack in->in cutlery not_visible->not_visible
[03] door opening->open dish_rack uncertain->moving_in cutlery uncertain->uncertain
[04] door open->open dish_rack in->in cutlery in->in
[05] door open->open dish_rack out->moving_in cutlery uncertain->uncertain
[06] door open->open dish_rack out->out cutlery uncertain->uncertain
[07] door open->open dish_rack moving_out->moving_in cutlery uncertain->uncertain
[08] door open->open dish_rack out->moving_in cutlery uncertain->uncertain
[09] door open->open dish_rack out->moving_in cutlery out->moving_in
[10] door open->open dish_rack out->out cutlery uncertain->uncertain
[11] door open->open dish_rack in->in cutlery uncertain->uncertain
[12] door open->open dish_rack out->out cutlery uncertain->uncertain
[13] door open->open dish_rack out->moving_in cutlery moving_out->in
[14] door open->open dish_rack moving_out->out cutlery in->in
[15] door open->open dish_rack out->out cutlery in->in
[16] door open->open dish_rack moving_out->moving_in cutlery in->in
[17] door open->open dish_rack out->out cutlery in->in
[18] door open->open dish_rack out->out cutlery uncertain->uncertain
[19] door open->open dish_rack out->moving_in cutlery uncertain->uncertain
[20] door open->open dish_rack out->moving_in cutlery in->moving_in
[21] door open->closing dish_rack in->in cutlery uncertain->uncertain
[22] door open->open dish_rack out->out cutlery in->in
[23] door open->closing dish_rack in->in cutlery out->in
[24] door open->closed dish_rack in->moving_in cutlery in->uncertain
saved /efs/share/1919650160032350208/users/machong14/wam/event_analyze/output/dishwasher_2_fx_20260529_episode_27_analysis/versions/v3_4_7/entity_observations.jsonl
=== V3.4.7 reasoning pass 1 ===
door: open -> opening -> open -> closing -> closed
dish_rack: in -> moving_in -> out -> in -> moving_out -> out -> moving_in -> out -> in -> out -> in -> out -> moving_out -> moving_in -> out -> moving_out -> out -> moving_in -> out -> moving_in -> out -> in -> out -> in -> moving_in
cutlery_basket: in -> out -> moving_in -> in -> moving_out -> in -> moving_in -> in -> out -> moving_out -> in
knife_location: tabletop -> cutlery_basket -> right_hand -> cutlery_basket
fork_location: tabletop -> cutlery_basket -> tabletop -> right_hand -> cutlery_basket
plate_location: tabletop -> dish_rack -> tabletop -> right_hand -> dish_rack -> tabletop -> other -> dish_rack -> tabletop -> other -> tabletop -> right_hand -> dish_rack -> right_hand -> dish_rack
saved /efs/share/1919650160032350208/users/machong14/wam/event_analyze/output/dishwasher_2_fx_20260529_episode_27_analysis/versions/v3_4_7/tracked_entity_states.json
portable-object ownership:
  plate        right_hand [258,272] -> [258,272] target=272 status=inferred_unique
saved /efs/share/1919650160032350208/users/machong14/wam/event_analyze/output/dishwasher_2_fx_20260529_episode_27_analysis/versions/v3_4_7/tracked_entity_states_owned.json
saved /efs/share/1919650160032350208/users/machong14/wam/event_analyze/output/dishwasher_2_fx_20260529_episode_27_analysis/versions/v3_4_7/hand_object_ownership.json
skill sequence:
  00 navigate_to_station [28,141] conf=0.95 mode=hdf5_base_motion
  01 place_plate_in_dish_rack [258,272] conf=0.52 mode=completion_aware_object_episode
  02 pull_out_dish_rack [258,272] conf=0.72 mode=tracked_endpoint_transition
  03 push_in_dish_rack [282,282] conf=0.72 mode=tracked_endpoint_transition
  04 pull_out_cutlery_basket [401,401] conf=0.9 mode=tracked_endpoint_transition
  05 pull_out_dish_rack [401,458] conf=0.76 mode=tracked_endpoint_transition
  06 push_in_cutlery_basket [548,627] conf=0.426 mode=tracked_endpoint_transition
  07 place_knife_in_cutlery_basket [627,762] conf=0.406 mode=completion_aware_object_episode_with_affordance_completion
  08 push_in_dish_rack [762,762] conf=0.9 mode=tracked_endpoint_transition
  09 place_fork_in_cutlery_basket [762,931] conf=0.406 mode=completion_aware_object_episode_with_affordance_completion
  10 pull_out_dish_rack [791,791] conf=0.95 mode=tracked_endpoint_transition
  11 push_in_dish_rack [836,836] conf=0.95 mode=tracked_endpoint_transition
  12 pull_out_dish_rack [881,881] conf=0.95 mode=tracked_endpoint_transition
  13 place_plate_in_dish_rack [931,1312] conf=0.9 mode=completion_aware_object_episode
  14 pull_out_cutlery_basket [1468,1468] conf=0.85 mode=tracked_endpoint_transition
  15 push_in_dish_rack [1468,1468] conf=0.9 mode=tracked_endpoint_transition
  16 push_in_cutlery_basket [1490,1510] conf=0.95 mode=tracked_endpoint_transition
  17 pull_out_dish_rack [1534,1534] conf=0.9 mode=tracked_endpoint_transition
  18 push_in_dish_rack [1558,1558] conf=0.9 mode=tracked_endpoint_transition
  19 close_dishwasher_door [1558,1590] conf=0.95 mode=tracked_endpoint_transition
saved /efs/share/1919650160032350208/users/machong14/wam/event_analyze/output/dishwasher_2_fx_20260529_episode_27_analysis/versions/v3_4_7/skill_candidates.json
validated skills: 20 -> 4
  00 navigate_to_station [28,141] conf=0.95
  01 place_utensil_in_cutlery_basket [627,762] conf=0.406
  02 place_utensil_in_cutlery_basket [762,931] conf=0.406
  03 place_plate_in_dish_rack [931,1312] conf=0.9
captured conservative anchors: 4
ambiguity requests: 7 (from 9 candidates)
  Q00 value=499.0 accessibility_prerequisite_missing ['door'] [86,220]
  Q01 value=508.5 receptacle_usage_without_ready_lifecycle ['dish_rack'] [220,310]
  Q02 value=295.5 rejected_visual_evidence ['plate'] [220,310]
  Q03 value=501.4 receptacle_usage_without_ready_lifecycle ['cutlery_basket'] [363,439]
  Q04 value=293.5 rejected_visual_evidence ['cutlery_basket'] [510,665]
  Q05 value=291.6 rejected_visual_evidence ['dish_rack'] [798,874]
  Q06 value=299.5 rejected_visual_evidence ['door'] [1520,1628]
saved /efs/share/1919650160032350208/users/machong14/wam/event_analyze/output/dishwasher_2_fx_20260529_episode_27_analysis/versions/v3_4_7/ambiguity_requests.json
targeted reuse: no source targeted observations
[targeted 00] accessibility_prerequisite_missing ['door'] states={'door': ['uncertain', 'open']} merge=True
[targeted 01] receptacle_usage_without_ready_lifecycle ['dish_rack'] states={'dish_rack': ['out', 'moving_in']} merge=True
[targeted 02] rejected_visual_evidence ['plate'] states={'plate': ['uncertain', 'dish_rack']} merge=True
[targeted 03] receptacle_usage_without_ready_lifecycle ['cutlery_basket'] states={'cutlery_basket': ['in', 'in']} merge=True
[targeted 04] rejected_visual_evidence ['cutlery_basket'] states={'cutlery_basket': ['uncertain', 'uncertain']} merge=False
[targeted 05] rejected_visual_evidence ['dish_rack'] states={'dish_rack': ['out', 'out']} merge=True
[targeted 06] rejected_visual_evidence ['door'] states={'door': ['open', 'closed']} merge=True
targeted observations: 7, merged: 6
saved /efs/share/1919650160032350208/users/machong14/wam/event_analyze/output/dishwasher_2_fx_20260529_episode_27_analysis/versions/v3_4_7/targeted_observations.jsonl
=== V3.4.7 reasoning pass 2 ===
door: open -> opening -> open -> closing -> closed
dish_rack: in -> out -> in -> moving_in -> out -> in -> moving_in -> in -> moving_out -> out -> moving_in -> out -> in -> out -> in -> out -> moving_out -> moving_in -> out -> moving_out -> out -> moving_in -> out -> moving_in -> out -> in -> out -> in -> moving_in
cutlery_basket: in -> out -> moving_in -> in -> moving_out -> in -> moving_in -> in -> out -> moving_out -> in
knife_location: tabletop -> cutlery_basket -> right_hand -> cutlery_basket
fork_location: tabletop -> cutlery_basket -> tabletop -> right_hand -> cutlery_basket
plate_location: tabletop -> dish_rack -> tabletop -> right_hand -> dish_rack -> tabletop -> other -> dish_rack -> tabletop -> other -> tabletop -> right_hand -> dish_rack -> right_hand -> dish_rack
saved /efs/share/1919650160032350208/users/machong14/wam/event_analyze/output/dishwasher_2_fx_20260529_episode_27_analysis/versions/v3_4_7/tracked_entity_states.json
portable-object ownership:
  plate        right_hand [258,272] -> [258,272] target=272 status=inferred_unique
saved /efs/share/1919650160032350208/users/machong14/wam/event_analyze/output/dishwasher_2_fx_20260529_episode_27_analysis/versions/v3_4_7/tracked_entity_states_owned.json
saved /efs/share/1919650160032350208/users/machong14/wam/event_analyze/output/dishwasher_2_fx_20260529_episode_27_analysis/versions/v3_4_7/hand_object_ownership.json
skill sequence:
  00 navigate_to_station [28,141] conf=0.95 mode=hdf5_base_motion
  01 pull_out_dish_rack [208,208] conf=0.9 mode=tracked_endpoint_transition
  02 push_in_dish_rack [234,234] conf=0.9 mode=tracked_endpoint_transition
  03 place_plate_in_dish_rack [258,272] conf=0.52 mode=completion_aware_object_episode
  04 pull_out_dish_rack [258,272] conf=0.72 mode=tracked_endpoint_transition
  05 push_in_dish_rack [282,282] conf=0.72 mode=tracked_endpoint_transition
  06 pull_out_dish_rack [401,458] conf=0.426 mode=tracked_endpoint_transition
  07 pull_out_cutlery_basket [460,460] conf=0.95 mode=tracked_endpoint_transition
  08 push_in_cutlery_basket [548,627] conf=0.426 mode=tracked_endpoint_transition
  09 place_knife_in_cutlery_basket [627,762] conf=0.406 mode=completion_aware_object_episode_with_affordance_completion
  10 push_in_dish_rack [762,762] conf=0.9 mode=tracked_endpoint_transition
  11 place_fork_in_cutlery_basket [762,931] conf=0.406 mode=completion_aware_object_episode_with_affordance_completion
  12 pull_out_dish_rack [781,781] conf=0.95 mode=tracked_endpoint_transition
  13 push_in_dish_rack [836,836] conf=0.95 mode=tracked_endpoint_transition
  14 pull_out_dish_rack [864,864] conf=0.95 mode=tracked_endpoint_transition
  15 place_plate_in_dish_rack [931,1312] conf=0.9 mode=completion_aware_object_episode
  16 pull_out_cutlery_basket [1468,1468] conf=0.85 mode=tracked_endpoint_transition
  17 push_in_dish_rack [1468,1468] conf=0.9 mode=tracked_endpoint_transition
  18 push_in_cutlery_basket [1490,1510] conf=0.95 mode=tracked_endpoint_transition
  19 pull_out_dish_rack [1534,1534] conf=0.9 mode=tracked_endpoint_transition
  20 push_in_dish_rack [1558,1558] conf=0.9 mode=tracked_endpoint_transition
  21 close_dishwasher_door [1558,1590] conf=1.0 mode=tracked_endpoint_transition
saved /efs/share/1919650160032350208/users/machong14/wam/event_analyze/output/dishwasher_2_fx_20260529_episode_27_analysis/versions/v3_4_7/skill_candidates.json
validated skills: 22 -> 4
  00 navigate_to_station [28,141] conf=0.95
  01 place_utensil_in_cutlery_basket [627,762] conf=0.406
  02 place_utensil_in_cutlery_basket [762,931] conf=0.406
  03 place_plate_in_dish_rack [931,1312] conf=0.9
conservative assimilation: pass1=4 raw_pass2=4 final=4 restored=0 contradicted=0 additions=0
saved /efs/share/1919650160032350208/users/machong14/wam/event_analyze/output/dishwasher_2_fx_20260529_episode_27_analysis/versions/v3_4_7/hierarchical_annotations.json
final consistency: kept=4 dropped=0 frontier_resolved=False task_end=1646 final_state_violations=3
saved /efs/share/1919650160032350208/users/machong14/wam/event_analyze/output/dishwasher_2_fx_20260529_episode_27_analysis/versions/v3_4_7/diagnostics/reasoning_trace.json
{
  "metadata": {
    "annotation_version": "v3.4.7",
    "episode": "dishwasher_2_fx_20260529_episode_27",
    "fps": 30.0,
    "total_raw_frames": 1647,
    "gt_status": "provisional_manual_gt",
    "matching_policy": "monotonic same-skill alignment: maximize matches, then semantic IoU"
  },
  "sequence": {
    "predicted": [
      "navigate_to_station",
      "place_utensil_in_cutlery_basket",
      "place_utensil_in_cutlery_basket",
      "place_plate_in_dish_rack"
    ],
    "ground_truth": [
      "navigate_to_station",
      "open_dishwasher_door",
      "pull_out_dish_rack",
      "pull_out_cutlery_basket",
      "place_knife_in_cutlery_basket",
      "place_fork_in_cutlery_basket",
      "push_in_cutlery_basket",
      "place_plate_in_dish_rack",
      "push_in_dish_rack",
      "close_dishwasher_door"
    ],
    "matched_phases": 2,
    "precision": 0.5,
    "recall": 0.2,
    "f1": 0.28571428571428575,
    "lcs": 2,
    "edit_distance": 8,
    "exact_sequence_match": false,
    "unmatched_predictions": [
      {
        "pred_index": 1,
        "skill_type": "place_utensil_in_cutlery_basket",
        "semantic_pred": [
          608,
          761
        ]
      },
      {
        "pred_index": 2,
        "skill_type": "place_utensil_in_cutlery_basket",
        "semantic_pred": [
          762,
          930
        ]
      }
    ],
    "missed_gt_phases": [
      {
        "gt_phase_id": 1,
        "skill_type": "open_dishwasher_door",
        "semantic_gt": [
          136,
          220
        ]
      },
      {
        "gt_phase_id": 2,
        "skill_type": "pull_out_dish_rack",
        "semantic_gt": [
          221,
          410
        ]
      },
      {
        "gt_phase_id": 3,
        "skill_type": "pull_out_cutlery_basket",
        "semantic_gt": [
          411,
          558
        ]
      },
      {
        "gt_phase_id": 4,
        "skill_type": "place_knife_in_cutlery_basket",
        "semantic_gt": [
          559,
          749
        ]
      },
      {
        "gt_phase_id": 5,
        "skill_type": "place_fork_in_cutlery_basket",
        "semantic_gt": [
          750,
          970
        ]
      },
      {
        "gt_phase_id": 6,
        "skill_type": "push_in_cutlery_basket",
        "semantic_gt": [
          971,
          1074
        ]
      },
      {
        "gt_phase_id": 8,
        "skill_type": "push_in_dish_rack",
        "semantic_gt": [
          1371,
          1458
        ]
      },
      {
        "gt_phase_id": 9,
        "skill_type": "close_dishwasher_door",
        "semantic_gt": [
          1459,
          1605
        ]
      }
    ]
  },
  "semantic_temporal": {
    "matched_mean_iou": 0.61504914004914,
    "penalized_mean_iou": 0.123009828009828,
    "start_mae_frames": 82.5,
    "end_mae_frames": 41.5,
    "boundary_mae_frames": 62.0,
    "start_mae_sec": 2.75,
    "end_mae_sec": 1.3833333333333333,
    "boundary_mae_sec": 2.066666666666667,
    "boundary_f1": [
      {
        "tolerance_sec": 0.5,
        "tolerance_frames": 15,
        "tp": 0,
        "fp": 8,
        "fn": 20,
        "precision": 0.0,
        "recall": 0.0,
        "f1": 0.0
      },
      {
        "tolerance_sec": 1.0,
        "tolerance_frames": 30,
        "tp": 2,
        "fp": 6,
        "fn": 18,
        "precision": 0.25,
        "recall": 0.1,
        "f1": 0.14285714285714288
      },
      {
        "tolerance_sec": 2.0,
        "tolerance_frames": 60,
        "tp": 3,
        "fp": 5,
        "fn": 17,
        "precision": 0.375,
        "recall": 0.15,
        "f1": 0.21428571428571425
      }
    ],
    "manual_tolerance_boundary_accuracy": 0.0
  },
  "core_temporal": {
    "matched_mean_iou": 0.6757775119617225,
    "penalized_mean_iou": 0.1351555023923445,
    "start_mae_frames": 93.5,
    "end_mae_frames": 32.0,
    "boundary_mae_frames": 62.75,
    "start_mae_sec": 3.1166666666666667,
    "end_mae_sec": 1.0666666666666667,
    "boundary_mae_sec": 2.091666666666667,
    "boundary_f1": [
      {
        "tolerance_sec": 0.5,
        "tolerance_frames": 15,
        "tp": 2,
        "fp": 6,
        "fn": 18,
        "precision": 0.25,
        "recall": 0.1,
        "f1": 0.14285714285714288
      },
      {
        "tolerance_sec": 1.0,
        "tolerance_frames": 30,
        "tp": 2,
        "fp": 6,
        "fn": 18,
        "precision": 0.25,
        "recall": 0.1,
        "f1": 0.14285714285714288
      },
      {
        "tolerance_sec": 2.0,
        "tolerance_frames": 60,
        "tp": 3,
        "fp": 5,
        "fn": 17,
        "precision": 0.375,
        "recall": 0.15,
        "f1": 0.21428571428571425
      }
    ],
    "manual_tolerance_boundary_accuracy": 0.0
  },
  "coverage": {
    "gt_fine_union_frames": 1572,
    "pred_fine_union_frames": 853,
    "gt_fine_coverage_ratio": 0.9544626593806922,
    "pred_fine_coverage_ratio": 0.5179113539769278,
    "pred_coarse_only_ratio": 0.4820886460230723,
    "semantic_correct_intersection_frames": 340,
    "semantic_correct_gt_coverage": 0.21628498727735368,
    "semantic_false_positive_duration_frames": 513,
    "semantic_false_positive_duration_ratio": 0.6014067995310668,
    "semantic_missed_gt_duration_frames": 1232,
    "semantic_missed_gt_duration_ratio": 0.7837150127226463,
    "core_correct_intersection_frames": 303,
    "core_false_positive_duration_frames": 499,
    "core_false_positive_duration_ratio": 0.6221945137157108,
    "core_missed_gt_duration_frames": 856,
    "core_missed_gt_duration_ratio": 0.7385677308024159
  },
  "per_phase": [
    {
      "pred_index": 0,
      "gt_phase_id": 0,
      "skill_type": "navigate_to_station",
      "semantic_gt": [
        34,
        135
      ],
      "semantic_pred": [
        13,
        160
      ],
      "semantic_iou": 0.6891891891891891,
      "semantic_start_error_frames": -21,
      "semantic_end_error_frames": 25,
      "semantic_start_error_sec": -0.7,
      "semantic_end_error_sec": 0.8333333333333334,
      "core_gt": [
        34,
        135
      ],
      "core_pred": [
        28,
        141
      ],
      "core_iou": 0.8947368421052632,
      "core_start_error_frames": -6,
      "core_end_error_frames": 6,
      "core_start_error_sec": -0.2,
      "core_end_error_sec": 0.2,
      "manual_boundary_tolerance_frames": 3,
      "semantic_start_within_manual_tolerance": false,
      "semantic_end_within_manual_tolerance": false,
      "core_start_within_manual_tolerance": false,
      "core_end_within_manual_tolerance": false
    },
    {
      "pred_index": 3,
      "gt_phase_id": 7,
      "skill_type": "place_plate_in_dish_rack",
      "semantic_gt": [
        1075,
        1370
      ],
      "semantic_pred": [
        931,
        1312
      ],
      "semantic_iou": 0.5409090909090909,
      "semantic_start_error_frames": -144,
      "semantic_end_error_frames": -58,
      "semantic_start_error_sec": -4.8,
      "semantic_end_error_sec": -1.9333333333333333,
      "core_gt": [
        1112,
        1370
      ],
      "core_pred": [
        931,
        1312
      ],
      "core_iou": 0.45681818181818185,
      "core_start_error_frames": -181,
      "core_end_error_frames": -58,
      "core_start_error_sec": -6.033333333333333,
      "core_end_error_sec": -1.9333333333333333,
      "manual_boundary_tolerance_frames": 10,
      "semantic_start_within_manual_tolerance": false,
      "semantic_end_within_manual_tolerance": false,
      "core_start_within_manual_tolerance": false,
      "core_end_within_manual_tolerance": false
    }
  ],
  "policy_normalized": {
    "metadata": {
      "annotation_version": "v3.4.7",
      "episode": "dishwasher_2_fx_20260529_episode_27",
      "fps": 30.0,
      "total_raw_frames": 1647,
      "gt_status": "provisional_manual_gt",
      "matching_policy": "monotonic same-skill alignment: maximize matches, then semantic IoU"
    },
    "sequence": {
      "predicted": [
        "navigate_to_station",
        "place_utensil_in_cutlery_basket",
        "place_utensil_in_cutlery_basket",
        "place_plate_in_dish_rack"
      ],
      "ground_truth": [
        "navigate_to_station",
        "open_dishwasher_door",
        "pull_out_dish_rack",
        "pull_out_cutlery_basket",
        "place_utensil_in_cutlery_basket",
        "place_utensil_in_cutlery_basket",
        "push_in_cutlery_basket",
        "place_plate_in_dish_rack",
        "push_in_dish_rack",
        "close_dishwasher_door"
      ],
      "matched_phases": 4,
      "precision": 1.0,
      "recall": 0.4,
      "f1": 0.5714285714285715,
      "lcs": 4,
      "edit_distance": 6,
      "exact_sequence_match": false,
      "unmatched_predictions": [],
      "missed_gt_phases": [
        {
          "gt_phase_id": 1,
          "skill_type": "open_dishwasher_door",
          "semantic_gt": [
            136,
            220
          ]
        },
        {
          "gt_phase_id": 2,
          "skill_type": "pull_out_dish_rack",
          "semantic_gt": [
            221,
            410
          ]
        },
        {
          "gt_phase_id": 3,
          "skill_type": "pull_out_cutlery_basket",
          "semantic_gt": [
            411,
            558
          ]
        },
        {
          "gt_phase_id": 6,
          "skill_type": "push_in_cutlery_basket",
          "semantic_gt": [
            971,
            1074
          ]
        },
        {
          "gt_phase_id": 8,
          "skill_type": "push_in_dish_rack",
          "semantic_gt": [
            1371,
            1458
          ]
        },
        {
          "gt_phase_id": 9,
          "skill_type": "close_dishwasher_door",
          "semantic_gt": [
            1459,
            1605
          ]
        }
      ]
    },
    "semantic_temporal": {
      "matched_mean_iou": 0.6735778879034457,
      "penalized_mean_iou": 0.2694311551613783,
      "start_mae_frames": 56.5,
      "end_mae_frames": 33.75,
      "boundary_mae_frames": 45.125,
      "start_mae_sec": 1.8833333333333333,
      "end_mae_sec": 1.125,
      "boundary_mae_sec": 1.5041666666666667,
      "boundary_f1": [
        {
          "tolerance_sec": 0.5,
          "tolerance_frames": 15,
          "tp": 2,
          "fp": 6,
          "fn": 18,
          "precision": 0.25,
          "recall": 0.1,
          "f1": 0.14285714285714288
        },
        {
          "tolerance_sec": 1.0,
          "tolerance_frames": 30,
          "tp": 4,
          "fp": 4,
          "fn": 16,
          "precision": 0.5,
          "recall": 0.2,
          "f1": 0.28571428571428575
        },
        {
          "tolerance_sec": 2.0,
          "tolerance_frames": 60,
          "tp": 7,
          "fp": 1,
          "fn": 13,
          "precision": 0.875,
          "recall": 0.35,
          "f1": 0.4999999999999999
        }
      ],
      "manual_tolerance_boundary_accuracy": 0.0
    },
    "core_temporal": {
      "matched_mean_iou": 0.6902073043679581,
      "penalized_mean_iou": 0.27608292174718324,
      "start_mae_frames": 55.75,
      "end_mae_frames": 30.75,
      "boundary_mae_frames": 43.25,
      "start_mae_sec": 1.8583333333333334,
      "end_mae_sec": 1.025,
      "boundary_mae_sec": 1.4416666666666667,
      "boundary_f1": [
        {
          "tolerance_sec": 0.5,
          "tolerance_frames": 15,
          "tp": 3,
          "fp": 5,
          "fn": 17,
          "precision": 0.375,
          "recall": 0.15,
          "f1": 0.21428571428571425
        },
        {
          "tolerance_sec": 1.0,
          "tolerance_frames": 30,
          "tp": 5,
          "fp": 3,
          "fn": 15,
          "precision": 0.625,
          "recall": 0.25,
          "f1": 0.35714285714285715
        },
        {
          "tolerance_sec": 2.0,
          "tolerance_frames": 60,
          "tp": 7,
          "fp": 1,
          "fn": 13,
          "precision": 0.875,
          "recall": 0.35,
          "f1": 0.4999999999999999
        }
      ],
      "manual_tolerance_boundary_accuracy": 0.05
    },
    "coverage": {
      "gt_fine_union_frames": 1572,
      "pred_fine_union_frames": 853,
      "gt_fine_coverage_ratio": 0.9544626593806922,
      "pred_fine_coverage_ratio": 0.5179113539769278,
      "pred_coarse_only_ratio": 0.4820886460230723,
      "semantic_correct_intersection_frames": 651,
      "semantic_correct_gt_coverage": 0.41412213740458015,
      "semantic_false_positive_duration_frames": 202,
      "semantic_false_positive_duration_ratio": 0.23681125439624853,
      "semantic_missed_gt_duration_frames": 921,
      "semantic_missed_gt_duration_ratio": 0.5858778625954199,
      "core_correct_intersection_frames": 538,
      "core_false_positive_duration_frames": 264,
      "core_false_positive_duration_ratio": 0.32917705735660846,
      "core_missed_gt_duration_frames": 621,
      "core_missed_gt_duration_ratio": 0.5358067299396031
    },
    "per_phase": [
      {
        "pred_index": 0,
        "gt_phase_id": 0,
        "skill_type": "navigate_to_station",
        "semantic_gt": [
          34,
          135
        ],
        "semantic_pred": [
          13,
          160
        ],
        "semantic_iou": 0.6891891891891891,
        "semantic_start_error_frames": -21,
        "semantic_end_error_frames": 25,
        "semantic_start_error_sec": -0.7,
        "semantic_end_error_sec": 0.8333333333333334,
        "core_gt": [
          34,
          135
        ],
        "core_pred": [
          28,
          141
        ],
        "core_iou": 0.8947368421052632,
        "core_start_error_frames": -6,
        "core_end_error_frames": 6,
        "core_start_error_sec": -0.2,
        "core_end_error_sec": 0.2,
        "manual_boundary_tolerance_frames": 3,
        "semantic_start_within_manual_tolerance": false,
        "semantic_end_within_manual_tolerance": false,
        "core_start_within_manual_tolerance": false,
        "core_end_within_manual_tolerance": false
      },
      {
        "pred_index": 1,
        "gt_phase_id": 4,
        "skill_type": "place_utensil_in_cutlery_basket",
        "semantic_gt": [
          559,
          749
        ],
        "semantic_pred": [
          608,
          761
        ],
        "semantic_iou": 0.6995073891625616,
        "semantic_start_error_frames": 49,
        "semantic_end_error_frames": 12,
        "semantic_start_error_sec": 1.6333333333333333,
        "semantic_end_error_sec": 0.4,
        "core_gt": [
          619,
          719
        ],
        "core_pred": [
          627,
          762
        ],
        "core_iou": 0.6458333333333334,
        "core_start_error_frames": 8,
        "core_end_error_frames": 43,
        "core_start_error_sec": 0.26666666666666666,
        "core_end_error_sec": 1.4333333333333333,
        "manual_boundary_tolerance_frames": 8,
        "semantic_start_within_manual_tolerance": false,
        "semantic_end_within_manual_tolerance": false,
        "core_start_within_manual_tolerance": true,
        "core_end_within_manual_tolerance": false
      },
      {
        "pred_index": 2,
        "gt_phase_id": 5,
        "skill_type": "place_utensil_in_cutlery_basket",
        "semantic_gt": [
          750,
          970
        ],
        "semantic_pred": [
          762,
          930
        ],
        "semantic_iou": 0.7647058823529411,
        "semantic_start_error_frames": 12,
        "semantic_end_error_frames": -40,
        "semantic_start_error_sec": 0.4,
        "semantic_end_error_sec": -1.3333333333333333,
        "core_gt": [
          790,
          947
        ],
        "core_pred": [
          762,
          931
        ],
        "core_iou": 0.7634408602150538,
        "core_start_error_frames": -28,
        "core_end_error_frames": -16,
        "core_start_error_sec": -0.9333333333333333,
        "core_end_error_sec": -0.5333333333333333,
        "manual_boundary_tolerance_frames": 8,
        "semantic_start_within_manual_tolerance": false,
        "semantic_end_within_manual_tolerance": false,
        "core_start_within_manual_tolerance": false,
        "core_end_within_manual_tolerance": false
      },
      {
        "pred_index": 3,
        "gt_phase_id": 7,
        "skill_type": "place_plate_in_dish_rack",
        "semantic_gt": [
          1075,
          1370
        ],
        "semantic_pred": [
          931,
          1312
        ],
        "semantic_iou": 0.5409090909090909,
        "semantic_start_error_frames": -144,
        "semantic_end_error_frames": -58,
        "semantic_start_error_sec": -4.8,
        "semantic_end_error_sec": -1.9333333333333333,
        "core_gt": [
          1112,
          1370
        ],
        "core_pred": [
          931,
          1312
        ],
        "core_iou": 0.45681818181818185,
        "core_start_error_frames": -181,
        "core_end_error_frames": -58,
        "core_start_error_sec": -6.033333333333333,
        "core_end_error_sec": -1.9333333333333333,
        "manual_boundary_tolerance_frames": 10,
        "semantic_start_within_manual_tolerance": false,
        "semantic_end_within_manual_tolerance": false,
        "core_start_within_manual_tolerance": false,
        "core_end_within_manual_tolerance": false
      }
    ]
  },
  "policy_aliases": {
    "place_knife_in_cutlery_basket": "place_utensil_in_cutlery_basket",
    "place_fork_in_cutlery_basket": "place_utensil_in_cutlery_basket",
    "place_plate_in_dish_rack": "place_plate_in_dish_rack"
  }
}
exported compact result: /efs/share/1919650160032350208/users/machong14/wam/event_analyze/results/dishwasher_2_fx_20260529_episode_27/v3_4_7
files: evaluation_temporal.json, hierarchical_annotations.json, manifest.json, summary.json
runtime compacted
  moved to cache: entity_observations_base.jsonl, entity_observations.jsonl, targeted_observations.jsonl, boundaries.png, proposal/, targeted_temporal_strips/, vlm_raw_targeted/
  removed intermediates: tracked_entity_states.json, tracked_entity_states_owned.json, hand_object_ownership.json, skill_candidates.json, skill_candidates_validated.json, interaction_validation_report.json, ambiguity_requests.json, diagnostics/pass1_anchors.json, diagnostics/pass2_before_reconcile.json
V3.4.7 complete: /efs/share/1919650160032350208/users/machong14/wam/event_analyze/output/dishwasher_2_fx_20260529_episode_27_analysis/versions/v3_4_7
Final annotation: /efs/share/1919650160032350208/users/machong14/wam/event_analyze/output/dishwasher_2_fx_20260529_episode_27_analysis/versions/v3_4_7/hierarchical_annotations.json
Diagnostics: /efs/share/1919650160032350208/users/machong14/wam/event_analyze/output/dishwasher_2_fx_20260529_episode_27_analysis/versions/v3_4_7/diagnostics/
Reusable cache: /efs/share/1919650160032350208/users/machong14/wam/event_analyze/output/dishwasher_2_fx_20260529_episode_27_analysis/versions/v3_4_7/cache/
Compact result exported under: /efs/share/1919650160032350208/users/machong14/wam/event_analyze/results/
